$ npm create vite@latest -> Project name . -> React -> JavaScript
$ npm install
$ npm run dev

Install following extension in VS Code
"ES7 React/Redux/GraphQL/React-Native snippets" by rodrigovallades

App.jsx -> rafce

.navbar-left -> Enter creates a div tag with className navbar-left.

https://fonts.google.com/ -> Poppins -> import the embedded code

$ npm install react-router-dom

p.login-form -> Enter creates a p tag with className login-form.

https://www.themoviedb.org/settings/api/request
Type of Use - Website

https://developer.themoviedb.org/docs/getting-started
-> https://developer.themoviedb.org/reference/movie-now-playing-list -> Selecte JavaScript language

Image path at - https://developer.themoviedb.org/docs/image-basics

-> https://developer.themoviedb.org/reference/movie-videos

https://firebase.google.com/ -> https://console.firebase.google.com/ -> Add project
Build -> Authentication -> Get started -> Native Providers -> Email/Password (enable)
Build -> Firestore Database -> region - mumbai -> Start in test mode
Project Overview -> Web -> Register app
$ npm install firebase react-firebase-hooks
Add firebase SDK code to src/firebase.js
- https://firebase.google.com/docs/web/setup#available-libraries

Beauty the alert message(like invalid cred OR if email already in use while signing up) for authentication.
- https://www.npmjs.com/package/react-toastify
$ npm install react-toastify
Demo - https://fkhadra.github.io/react-toastify/introduction/


https://topmate.io/harikiranvusirikala/969492 - Sell the code

