Techs involved:
React JS
CSS
Redux - state management
Stripe
Firebase Authentication
TheMovieDB

$ npx create-react-app netflix-clone-with-react --template redux

$ npm create vite@latest -> Project name . -> React -> JavaScript
$ npm install
$ npm run dev

Install following extension in VS Code
"ES7 React/Redux/GraphQL/React-Native snippets" by rodrigovallades

App.jsx -> rafce

.navbar-left -> Enter creates a div tag with className navbar-left.

https://fonts.google.com/ -> Poppins -> import the embedded code

$ npm install react-router-dom

p.login-form -> Enter creates a p tag with className login-form.

https://www.themoviedb.org/settings/api/request
Type of Use - Website

https://developer.themoviedb.org/docs/getting-started
-> https://developer.themoviedb.org/reference/movie-now-playing-list -> Selecte JavaScript language

-> https://developer.themoviedb.org/reference/genre-movie-list
-> https://developer.themoviedb.org/reference/trending-all
-> https://developer.themoviedb.org/reference/discover-movie

const requests = {
fetchTrending: `/trending/all/week?language=en-US`, 
fetchNetflixOriginals: `/discover/tv?with_networks=213`, 
fetchTopRated: `/movie/top_rated?language=en-US` 
fetchActionMovies: `/discover/movie?with_genres=28`, 
fetchComedyMovies: `/discover/movie?with_genres=35` 
fetchHorrorMovies: `/discover/movie?with_genres=27`, 
fetchRomanceMovies: `/discover/movie?with_genres=10749`, 
fetchDocumentaries: `/discover/movie?with_genres=99`,
};

Image path at - https://developer.themoviedb.org/docs/image-basics

-> https://developer.themoviedb.org/reference/movie-videos

https://firebase.google.com/ -> https://console.firebase.google.com/ -> Add project
Build -> Authentication -> Get started -> Native Providers -> Email/Password (enable)
Build -> Firestore Database -> region - mumbai -> Start in test mode
Project Overview -> Web -> Register app
$ npm install firebase react-firebase-hooks
Add firebase SDK code to src/firebase.js
- https://firebase.google.com/docs/web/setup#available-libraries

Beauty the alert message(like invalid cred OR if email already in use while signing up) for authentication.
- https://www.npmjs.com/package/react-toastify
$ npm install react-toastify
Demo - https://fkhadra.github.io/react-toastify/introduction/

Deployement:
$ npm install gh-pages --save-dev

In the package.json file add these lines before "build": "vite build",
"predeploy": "npm run build",
"deploy": "gh-pages -d dist",

In the vite.config.js file add this line before plugins: [react()],
base: "/YOUR_REPOSITORY_NAME",

$ npm run deploy

We have a gh-pages branch in your repository and your app is deployed (can check it under Settings -> Pages)
To update app deployment, just run the npm run deploy command again.

https://topmate.io/harikiranvusirikala/969492 - Sell the code

Secrets in .env file, available in References also